host    : gcn5.local.snellius.surf.nl
workdir : /gpfs/home6/mdemirev/VisionCCS/vision_ccs
python  : /gpfs/home6/mdemirev/VisionCCS/vision_ccs/venv/bin/python
cuda    : True NVIDIA A100-SXM4-40GB MIG 3g.20gb
NVIDIA A100-SXM4-40GB, 40960 MiB
NVIDIA A100-SXM4-40GB, 40960 MiB
NVIDIA A100-SXM4-40GB, 40960 MiB
NVIDIA A100-SXM4-40GB, 40960 MiB
--------------------------------------------------------------------
=== running nonlinear_supervised.py ===
llava-hf/llava-1.5-7b-hf + Contrast Pairs + Supervised NON-LINEAR (MLP) Probe
Dataset: vqa2 (categories: ['object_detection', 'attribute_recognition', 'spatial_recognition'])
Probe learning rate: 0.001

######################################################################
# CATEGORY: OBJECT_DETECTION
######################################################################

======================================================================
EXTRACTING HIDDEN STATES: OBJECT_DETECTION
======================================================================
✓ Found cached hidden states!
  Loading from: hidden_states_cache_final/cache_object_detection_1306_llava_ccs_aligned.npz
  Loaded: pos=(1306, 4096), neg=(1306, 4096)

======================================================================
SUPERVISED NON-LINEAR (MLP) PROBE
======================================================================

Feature check:
  pos_train: zero-variance dims = 0, non-finite values after normalization = 0
  neg_train: zero-variance dims = 0, non-finite values after normalization = 0
  pos_test : zero-variance dims = 0, non-finite values after normalization = 0
  neg_test : zero-variance dims = 0, non-finite values after normalization = 0

Dataset split:
  Train: 783 samples (402 pos, 381 neg)
  Test:  523 samples (251 pos, 272 neg)
  Hidden dim: 4096
  Epoch    1/1000: Loss = 0.684507
  Epoch  201/1000: Loss = 0.079440
  Epoch  401/1000: Loss = 0.078959
  Epoch  601/1000: Loss = 0.078870
  Epoch  801/1000: Loss = 0.077954
  Epoch 1000/1000: Loss = 0.077934
Test output check: non-finite = 0/523, min = 0.0000, max = 1.0000, std = 0.424188

Results:
  Train Accuracy: 90.0%
  Test Accuracy:  83.7%
  Positive samples: 85.3% (251 samples)
  Negative samples: 82.4% (272 samples)

✓ COMPLETE: object_detection → 83.7%

######################################################################
# CATEGORY: ATTRIBUTE_RECOGNITION
######################################################################

======================================================================
EXTRACTING HIDDEN STATES: ATTRIBUTE_RECOGNITION
======================================================================
✓ Found cached hidden states!
  Loading from: hidden_states_cache_final/cache_attribute_recognition_3366_llava_ccs_aligned.npz
  Loaded: pos=(3366, 4096), neg=(3366, 4096)

======================================================================
SUPERVISED NON-LINEAR (MLP) PROBE
======================================================================

Feature check:
  pos_train: zero-variance dims = 0, non-finite values after normalization = 0
  neg_train: zero-variance dims = 0, non-finite values after normalization = 0
  pos_test : zero-variance dims = 0, non-finite values after normalization = 0
  neg_test : zero-variance dims = 0, non-finite values after normalization = 0

Dataset split:
  Train: 2019 samples (1030 pos, 989 neg)
  Test:  1347 samples (653 pos, 694 neg)
  Hidden dim: 4096
  Epoch    1/1000: Loss = 0.688914
  Epoch  201/1000: Loss = 0.111717
  Epoch  401/1000: Loss = 0.105624
  Epoch  601/1000: Loss = 0.104324
  Epoch  801/1000: Loss = 0.103859
  Epoch 1000/1000: Loss = 0.102431
Test output check: non-finite = 0/1347, min = 0.0000, max = 1.0000, std = 0.398538

Results:
  Train Accuracy: 86.6%
  Test Accuracy:  77.2%
  Positive samples: 76.4% (653 samples)
  Negative samples: 78.0% (694 samples)

✓ COMPLETE: attribute_recognition → 77.2%

######################################################################
# CATEGORY: SPATIAL_RECOGNITION
######################################################################

======================================================================
EXTRACTING HIDDEN STATES: SPATIAL_RECOGNITION
======================================================================
✓ Found cached hidden states!
  Loading from: hidden_states_cache_final/cache_spatial_recognition_976_llava_ccs_aligned.npz
  Loaded: pos=(976, 4096), neg=(976, 4096)

======================================================================
SUPERVISED NON-LINEAR (MLP) PROBE
======================================================================

Feature check:
  pos_train: zero-variance dims = 0, non-finite values after normalization = 0
  neg_train: zero-variance dims = 0, non-finite values after normalization = 0
  pos_test : zero-variance dims = 0, non-finite values after normalization = 0
  neg_test : zero-variance dims = 0, non-finite values after normalization = 0

Dataset split:
  Train: 585 samples (289 pos, 296 neg)
  Test:  391 samples (199 pos, 192 neg)
  Hidden dim: 4096
  Epoch    1/1000: Loss = 0.688708
  Epoch  201/1000: Loss = 0.108851
  Epoch  401/1000: Loss = 0.106859
  Epoch  601/1000: Loss = 0.104386
  Epoch  801/1000: Loss = 0.104324
  Epoch 1000/1000: Loss = 0.100938
Test output check: non-finite = 0/391, min = 0.0000, max = 1.0000, std = 0.359325

Results:
  Train Accuracy: 87.7%
  Test Accuracy:  73.1%
  Positive samples: 67.3% (199 samples)
  Negative samples: 79.2% (192 samples)

✓ COMPLETE: spatial_recognition → 73.1%

======================================================================

Final Results (supervised, non-linear MLP probe):
  object_detection         : 83.7%
  attribute_recognition    : 77.2%
  spatial_recognition      : 73.1%

  Average                  : 78.0%

======================================================================

=== nonlinear_supervised.py finished at Sun Oct  4 23:23:21 CEST 2026 with exit code: 0 ===
