host    : gcn5.local.snellius.surf.nl
workdir : /gpfs/home6/mdemirev/VisionCCS/vision_ccs
python  : /gpfs/home6/mdemirev/VisionCCS/vision_ccs/venv/bin/python
cuda    : True NVIDIA A100-SXM4-40GB MIG 3g.20gb
NVIDIA A100-SXM4-40GB, 40960 MiB
NVIDIA A100-SXM4-40GB, 40960 MiB
NVIDIA A100-SXM4-40GB, 40960 MiB
NVIDIA A100-SXM4-40GB, 40960 MiB
--------------------------------------------------------------------
=== running nonlinear_ccs.py ===
Model: llava-hf/llava-1.5-7b-hf — CCS with NON-LINEAR (MLP) probe
Dataset: vqa2 (categories: ['object_detection', 'attribute_recognition', 'spatial_recognition'])

######################################################################
# CATEGORY: OBJECT_DETECTION
######################################################################

======================================================================
EXTRACTING HIDDEN STATES: OBJECT_DETECTION
======================================================================
✓ Found cached hidden states!
  Loading from: hidden_states_cache_final/cache_object_detection_1306_llava_ccs_aligned.npz
  Loaded: pos=(1306, 4096), neg=(1306, 4096)

Logistic regression sanity-check accuracy: 79.0%

======================================================================
TRAINING CCS PROBE (NON-LINEAR / MLP)
======================================================================

Feature check:
  pos_train: zero-variance dims = 0, non-finite values after normalization = 0
  neg_train: zero-variance dims = 0, non-finite values after normalization = 0
  pos_test : zero-variance dims = 0, non-finite values after normalization = 0
  neg_test : zero-variance dims = 0, non-finite values after normalization = 0

Dataset split:
  Train: 783 samples (402 pos, 381 neg)
  Test:  523 samples (251 pos, 272 neg)
  Hidden dim: 4096
  MLP hidden size: 100
  Learning rate: 0.001

======================================================================
TRAINING WITH MULTIPLE RANDOM RESTARTS
======================================================================
  Trial  1/10: Loss = 0.000031
  Trial  2/10: Loss = 0.000030
  Trial  3/10: Loss = 0.000030
  Trial  4/10: Loss = 0.000025
  Trial  5/10: Loss = 0.000021
  Trial  6/10: Loss = 0.000027
  Trial  7/10: Loss = 0.000025
  Trial  8/10: Loss = 0.000028
  Trial  9/10: Loss = 0.000024
  Trial 10/10: Loss = 0.014090

======================================================================
EVALUATION WITH BEST PROBE
======================================================================
Best loss: 0.000021
Test output check: non-finite = 0/523, min = 0.0000, max = 1.0000, std = 0.422137

Test Results:
  Overall Accuracy: 73.4% (384/523)
  Positive samples: 75.3% (251 samples)
  Negative samples: 71.7% (272 samples)

✓ COMPLETE: object_detection → 73.4%

######################################################################
# CATEGORY: ATTRIBUTE_RECOGNITION
######################################################################

======================================================================
EXTRACTING HIDDEN STATES: ATTRIBUTE_RECOGNITION
======================================================================
✓ Found cached hidden states!
  Loading from: hidden_states_cache_final/cache_attribute_recognition_3366_llava_ccs_aligned.npz
  Loaded: pos=(3366, 4096), neg=(3366, 4096)

Logistic regression sanity-check accuracy: 73.6%

======================================================================
TRAINING CCS PROBE (NON-LINEAR / MLP)
======================================================================

Feature check:
  pos_train: zero-variance dims = 0, non-finite values after normalization = 0
  neg_train: zero-variance dims = 0, non-finite values after normalization = 0
  pos_test : zero-variance dims = 0, non-finite values after normalization = 0
  neg_test : zero-variance dims = 0, non-finite values after normalization = 0

Dataset split:
  Train: 2019 samples (1030 pos, 989 neg)
  Test:  1347 samples (653 pos, 694 neg)
  Hidden dim: 4096
  MLP hidden size: 100
  Learning rate: 0.001

======================================================================
TRAINING WITH MULTIPLE RANDOM RESTARTS
======================================================================
  Trial  1/10: Loss = 0.000058
  Trial  2/10: Loss = 0.000068
  Trial  3/10: Loss = 0.000056
  Trial  4/10: Loss = 0.000055
  Trial  5/10: Loss = 0.000088
  Trial  6/10: Loss = 0.000075
  Trial  7/10: Loss = 0.018394
  Trial  8/10: Loss = 0.000058
  Trial  9/10: Loss = 0.000063
  Trial 10/10: Loss = 0.000073

======================================================================
EVALUATION WITH BEST PROBE
======================================================================
Best loss: 0.000055
Test output check: non-finite = 0/1347, min = 0.0000, max = 1.0000, std = 0.431101

Test Results:
  Overall Accuracy: 76.1% (1025/1347)
  Positive samples: 74.7% (653 samples)
  Negative samples: 77.4% (694 samples)

✓ COMPLETE: attribute_recognition → 76.1%

######################################################################
# CATEGORY: SPATIAL_RECOGNITION
######################################################################

======================================================================
EXTRACTING HIDDEN STATES: SPATIAL_RECOGNITION
======================================================================
✓ Found cached hidden states!
  Loading from: hidden_states_cache_final/cache_spatial_recognition_976_llava_ccs_aligned.npz
  Loaded: pos=(976, 4096), neg=(976, 4096)

Logistic regression sanity-check accuracy: 71.9%

======================================================================
TRAINING CCS PROBE (NON-LINEAR / MLP)
======================================================================

Feature check:
  pos_train: zero-variance dims = 0, non-finite values after normalization = 0
  neg_train: zero-variance dims = 0, non-finite values after normalization = 0
  pos_test : zero-variance dims = 0, non-finite values after normalization = 0
  neg_test : zero-variance dims = 0, non-finite values after normalization = 0

Dataset split:
  Train: 585 samples (289 pos, 296 neg)
  Test:  391 samples (199 pos, 192 neg)
  Hidden dim: 4096
  MLP hidden size: 100
  Learning rate: 0.001

======================================================================
TRAINING WITH MULTIPLE RANDOM RESTARTS
======================================================================
  Trial  1/10: Loss = 0.000036
  Trial  2/10: Loss = 0.000068
  Trial  3/10: Loss = 0.000036
  Trial  4/10: Loss = 0.001757
  Trial  5/10: Loss = 0.000033
  Trial  6/10: Loss = 0.039362
  Trial  7/10: Loss = 0.039343
  Trial  8/10: Loss = 0.003255
  Trial  9/10: Loss = 0.039351
  Trial 10/10: Loss = 0.000031

======================================================================
EVALUATION WITH BEST PROBE
======================================================================
Best loss: 0.000031
Test output check: non-finite = 0/391, min = 0.0000, max = 1.0000, std = 0.393770

Test Results:
  Overall Accuracy: 68.8% (269/391)
  Positive samples: 70.4% (199 samples)
  Negative samples: 67.2% (192 samples)

✓ COMPLETE: spatial_recognition → 68.8%

======================================================================

Final Results (CCS, non-linear MLP probe):
  object_detection         : 73.4%
  attribute_recognition    : 76.1%
  spatial_recognition      : 68.8%

  Average                  : 72.8%

======================================================================

=== nonlinear_ccs.py finished at Sun Oct  4 23:24:13 CEST 2026 with exit code: 0 ===
