host    : gcn5.local.snellius.surf.nl
workdir : /gpfs/home6/mdemirev/VisionCCS/vision_ccs
python  : /gpfs/home6/mdemirev/VisionCCS/vision_ccs/venv/bin/python
cuda    : True NVIDIA A100-SXM4-40GB MIG 3g.20gb
NVIDIA A100-SXM4-40GB, 40960 MiB
NVIDIA A100-SXM4-40GB, 40960 MiB
NVIDIA A100-SXM4-40GB, 40960 MiB
NVIDIA A100-SXM4-40GB, 40960 MiB
--------------------------------------------------------------------
=== running nonlinear_ccs.py ===
Model: llava-hf/llava-1.5-7b-hf — CCS with NON-LINEAR (MLP) probe

######################################################################
# CATEGORY: OBJECT_DETECTION
######################################################################

======================================================================
EXTRACTING HIDDEN STATES: OBJECT_DETECTION
======================================================================
✓ Found cached hidden states!
  Loading from: hidden_states_cache_final/cache_object_detection_1306_llava_ccs_aligned.npz
  Loaded: pos=(1306, 4096), neg=(1306, 4096)

Logistic regression sanity-check accuracy: 78.3%

======================================================================
TRAINING CCS PROBE (NON-LINEAR / MLP)
======================================================================

Dataset split:
  Train: 653 samples (340 pos, 313 neg)
  Test:  653 samples (313 pos, 340 neg)
  Hidden dim: 4096
  MLP hidden size: 100

======================================================================
TRAINING WITH MULTIPLE RANDOM RESTARTS
======================================================================
  Trial  1/10: Loss = 0.099541
  Trial  2/10: Loss = 0.033693
  Trial  3/10: Loss = 0.042880
  Trial  4/10: Loss = 0.099541
  Trial  5/10: Loss = 0.068913
  Trial  6/10: Loss = 0.123850
  Trial  7/10: Loss = 0.033691
  Trial  8/10: Loss = 0.056662
  Trial  9/10: Loss = 0.027572
  Trial 10/10: Loss = 0.032160

======================================================================
EVALUATION WITH BEST PROBE
======================================================================
Best loss: 0.027572

Test Results:
  Overall Accuracy: 84.1% (549/653)
  Positive samples: 85.9% (313 samples)
  Negative samples: 82.4% (340 samples)

✓ COMPLETE: object_detection → 84.1%

######################################################################
# CATEGORY: ATTRIBUTE_RECOGNITION
######################################################################

======================================================================
EXTRACTING HIDDEN STATES: ATTRIBUTE_RECOGNITION
======================================================================
✓ Found cached hidden states!
  Loading from: hidden_states_cache_final/cache_attribute_recognition_3366_llava_ccs_aligned.npz
  Loaded: pos=(3366, 4096), neg=(3366, 4096)

Logistic regression sanity-check accuracy: 73.6%

======================================================================
TRAINING CCS PROBE (NON-LINEAR / MLP)
======================================================================

Dataset split:
  Train: 1683 samples (859 pos, 824 neg)
  Test:  1683 samples (824 pos, 859 neg)
  Hidden dim: 4096
  MLP hidden size: 100

======================================================================
TRAINING WITH MULTIPLE RANDOM RESTARTS
======================================================================
  Trial  1/10: Loss = 0.146766
  Trial  2/10: Loss = 0.033293
  Trial  3/10: Loss = 0.027363
  Trial  4/10: Loss = 0.054667
  Trial  5/10: Loss = 0.092780
  Trial  6/10: Loss = 0.068925
  Trial  7/10: Loss = 0.042787
  Trial  8/10: Loss = 0.042200
  Trial  9/10: Loss = 0.073124
  Trial 10/10: Loss = 0.051696

======================================================================
EVALUATION WITH BEST PROBE
======================================================================
Best loss: 0.027363

Test Results:
  Overall Accuracy: 67.0% (1128/1683)
  Positive samples: 58.0% (824 samples)
  Negative samples: 75.7% (859 samples)

✓ COMPLETE: attribute_recognition → 67.0%

######################################################################
# CATEGORY: SPATIAL_RECOGNITION
######################################################################

======================================================================
EXTRACTING HIDDEN STATES: SPATIAL_RECOGNITION
======================================================================
✓ Found cached hidden states!
  Loading from: hidden_states_cache_final/cache_spatial_recognition_976_llava_ccs_aligned.npz
  Loaded: pos=(976, 4096), neg=(976, 4096)

Logistic regression sanity-check accuracy: 70.5%

======================================================================
TRAINING CCS PROBE (NON-LINEAR / MLP)
======================================================================

Dataset split:
  Train: 488 samples (240 pos, 248 neg)
  Test:  488 samples (248 pos, 240 neg)
  Hidden dim: 4096
  MLP hidden size: 100

======================================================================
TRAINING WITH MULTIPLE RANDOM RESTARTS
======================================================================
  Trial  1/10: Loss = 0.087579
  Trial  2/10: Loss = 0.118862
  Trial  3/10: Loss = 0.098361
  Trial  4/10: Loss = 0.149594
  Trial  5/10: Loss = 0.174202
  Trial  6/10: Loss = 0.073774
  Trial  7/10: Loss = 0.100417
  Trial  8/10: Loss = 0.145492
  Trial  9/10: Loss = 0.053285
  Trial 10/10: Loss = 0.059438

======================================================================
EVALUATION WITH BEST PROBE
======================================================================
Best loss: 0.053285

Test Results:
  Overall Accuracy: 58.0% (283/488)
  Positive samples: 53.2% (248 samples)
  Negative samples: 62.9% (240 samples)

✓ COMPLETE: spatial_recognition → 58.0%

======================================================================

Final Results (CCS, non-linear MLP probe):
  object_detection         : 84.1%
  attribute_recognition    : 67.0%
  spatial_recognition      : 58.0%

  Average                  : 69.7%

======================================================================

=== nonlinear_ccs.py finished at Sat Sep 26 00:57:29 CEST 2026 with exit code: 0 ===
