host    : gcn5.local.snellius.surf.nl
workdir : /gpfs/home6/mdemirev/VisionCCS/vision_ccs
python  : /gpfs/home6/mdemirev/VisionCCS/vision_ccs/venv/bin/python
cuda    : True NVIDIA A100-SXM4-40GB MIG 3g.20gb
NVIDIA A100-SXM4-40GB, 40960 MiB
NVIDIA A100-SXM4-40GB, 40960 MiB
NVIDIA A100-SXM4-40GB, 40960 MiB
NVIDIA A100-SXM4-40GB, 40960 MiB
--------------------------------------------------------------------
=== running nonlinear_ccs.py ===
Model: llava-hf/llava-1.5-7b-hf — CCS with NON-LINEAR (MLP) probe
Dataset: vg (categories: ['object', 'attribute', 'spatial'])

######################################################################
# CATEGORY: OBJECT
######################################################################

======================================================================
EXTRACTING HIDDEN STATES: OBJECT
======================================================================
✓ Found cached hidden states!
  Loading from: hidden_states_cache_final/cache_vg_object_12000_llava_ccs_aligned.npz
  Loaded: pos=(12000, 4096), neg=(12000, 4096)

Logistic regression sanity-check accuracy: 84.2%

======================================================================
TRAINING CCS PROBE (NON-LINEAR / MLP)
======================================================================

Feature check:
  pos_train: zero-variance dims = 0, non-finite values after normalization = 0
  neg_train: zero-variance dims = 0, non-finite values after normalization = 0
  pos_test : zero-variance dims = 0, non-finite values after normalization = 0
  neg_test : zero-variance dims = 0, non-finite values after normalization = 0

Dataset split:
  Train: 7200 samples (3634 pos, 3566 neg)
  Test:  4800 samples (2366 pos, 2434 neg)
  Hidden dim: 4096
  MLP hidden size: 100
  Learning rate: 0.001

======================================================================
TRAINING WITH MULTIPLE RANDOM RESTARTS
======================================================================
  Trial  1/10: Loss = 0.000063
  Trial  2/10: Loss = 0.000069
  Trial  3/10: Loss = 0.000098
  Trial  4/10: Loss = 0.000090
  Trial  5/10: Loss = 0.000058
  Trial  6/10: Loss = 0.000088
  Trial  7/10: Loss = 0.000069
  Trial  8/10: Loss = 0.000077
  Trial  9/10: Loss = 0.000109
  Trial 10/10: Loss = 0.000107

======================================================================
EVALUATION WITH BEST PROBE
======================================================================
Best loss: 0.000058
Test output check: non-finite = 0/4800, min = 0.0000, max = 1.0000, std = 0.449115

Test Results:
  Overall Accuracy: 53.4% (2561/4800)
  Positive samples: 68.5% (2366 samples)
  Negative samples: 38.6% (2434 samples)

✓ COMPLETE: object → 53.4%

######################################################################
# CATEGORY: ATTRIBUTE
######################################################################

======================================================================
EXTRACTING HIDDEN STATES: ATTRIBUTE
======================================================================
✓ Found cached hidden states!
  Loading from: hidden_states_cache_final/cache_vg_attribute_12000_llava_ccs_aligned.npz
  Loaded: pos=(12000, 4096), neg=(12000, 4096)

Logistic regression sanity-check accuracy: 79.9%

======================================================================
TRAINING CCS PROBE (NON-LINEAR / MLP)
======================================================================

Feature check:
  pos_train: zero-variance dims = 0, non-finite values after normalization = 0
  neg_train: zero-variance dims = 0, non-finite values after normalization = 0
  pos_test : zero-variance dims = 0, non-finite values after normalization = 0
  neg_test : zero-variance dims = 0, non-finite values after normalization = 0

Dataset split:
  Train: 7200 samples (3634 pos, 3566 neg)
  Test:  4800 samples (2366 pos, 2434 neg)
  Hidden dim: 4096
  MLP hidden size: 100
  Learning rate: 0.001

======================================================================
TRAINING WITH MULTIPLE RANDOM RESTARTS
======================================================================
  Trial  1/10: Loss = 0.000067
  Trial  2/10: Loss = 0.000080
  Trial  3/10: Loss = 0.000101
  Trial  4/10: Loss = 0.000075
  Trial  5/10: Loss = 0.000042
  Trial  6/10: Loss = 0.000074
  Trial  7/10: Loss = 0.000062
  Trial  8/10: Loss = 0.000061
  Trial  9/10: Loss = 0.000112
  Trial 10/10: Loss = 0.000072

======================================================================
EVALUATION WITH BEST PROBE
======================================================================
Best loss: 0.000042
Test output check: non-finite = 0/4800, min = 0.0000, max = 1.0000, std = 0.462628

Test Results:
  Overall Accuracy: 71.6% (3435/4800)
  Positive samples: 78.3% (2366 samples)
  Negative samples: 65.0% (2434 samples)

✓ COMPLETE: attribute → 71.6%

######################################################################
# CATEGORY: SPATIAL
######################################################################

======================================================================
EXTRACTING HIDDEN STATES: SPATIAL
======================================================================
✓ Found cached hidden states!
  Loading from: hidden_states_cache_final/cache_vg_spatial_12000_llava_ccs_aligned.npz
  Loaded: pos=(12000, 4096), neg=(12000, 4096)

Logistic regression sanity-check accuracy: 81.9%

======================================================================
TRAINING CCS PROBE (NON-LINEAR / MLP)
======================================================================

Feature check:
  pos_train: zero-variance dims = 0, non-finite values after normalization = 0
  neg_train: zero-variance dims = 0, non-finite values after normalization = 0
  pos_test : zero-variance dims = 0, non-finite values after normalization = 0
  neg_test : zero-variance dims = 0, non-finite values after normalization = 0

Dataset split:
  Train: 7200 samples (3634 pos, 3566 neg)
  Test:  4800 samples (2366 pos, 2434 neg)
  Hidden dim: 4096
  MLP hidden size: 100
  Learning rate: 0.001

======================================================================
TRAINING WITH MULTIPLE RANDOM RESTARTS
======================================================================
  Trial  1/10: Loss = 0.000136
  Trial  2/10: Loss = 0.000138
  Trial  3/10: Loss = 0.000202
  Trial  4/10: Loss = 0.000170
  Trial  5/10: Loss = 0.000106
  Trial  6/10: Loss = 0.000160
  Trial  7/10: Loss = 0.000154
  Trial  8/10: Loss = 0.000158
  Trial  9/10: Loss = 0.000176
  Trial 10/10: Loss = 0.000236

======================================================================
EVALUATION WITH BEST PROBE
======================================================================
Best loss: 0.000106
Test output check: non-finite = 0/4800, min = 0.0000, max = 1.0000, std = 0.447346

Test Results:
  Overall Accuracy: 58.2% (2796/4800)
  Positive samples: 69.1% (2366 samples)
  Negative samples: 47.7% (2434 samples)

✓ COMPLETE: spatial → 58.2%

======================================================================

Final Results (CCS, non-linear MLP probe):
  object                   : 53.4%
  attribute                : 71.6%
  spatial                  : 58.2%

  Average                  : 61.1%

======================================================================

=== nonlinear_ccs.py finished at Sat Oct  3 18:35:57 CEST 2026 with exit code: 0 ===